Archive member included to satisfy reference by file (symbol)

c:/st/stm32cubeide_1.6.1/stm32cubeide/plugins/com.st.stm32cube.ide.mcu.externaltools.gnu-tools-for-stm32.9-2020-q2-update.win32_1.5.0.202011040924/tools/bin/../lib/gcc/arm-none-eabi/9.3.1/../../../../arm-none-eabi/lib/thumb/v7-m/nofp\libc_nano.a(lib_a-errno.o)
                              Core/Src/syscalls.o (__errno)
c:/st/stm32cubeide_1.6.1/stm32cubeide/plugins/com.st.stm32cube.ide.mcu.externaltools.gnu-tools-for-stm32.9-2020-q2-update.win32_1.5.0.202011040924/tools/bin/../lib/gcc/arm-none-eabi/9.3.1/../../../../arm-none-eabi/lib/thumb/v7-m/nofp\libc_nano.a(lib_a-exit.o)
                              c:/st/stm32cubeide_1.6.1/stm32cubeide/plugins/com.st.stm32cube.ide.mcu.externaltools.gnu-tools-for-stm32.9-2020-q2-update.win32_1.5.0.202011040924/tools/bin/../lib/gcc/arm-none-eabi/9.3.1/../../../../arm-none-eabi/lib/thumb/v7-m/nofp/crt0.o (exit)
c:/st/stm32cubeide_1.6.1/stm32cubeide/plugins/com.st.stm32cube.ide.mcu.externaltools.gnu-tools-for-stm32.9-2020-q2-update.win32_1.5.0.202011040924/tools/bin/../lib/gcc/arm-none-eabi/9.3.1/../../../../arm-none-eabi/lib/thumb/v7-m/nofp\libc_nano.a(lib_a-impure.o)
                              c:/st/stm32cubeide_1.6.1/stm32cubeide/plugins/com.st.stm32cube.ide.mcu.externaltools.gnu-tools-for-stm32.9-2020-q2-update.win32_1.5.0.202011040924/tools/bin/../lib/gcc/arm-none-eabi/9.3.1/../../../../arm-none-eabi/lib/thumb/v7-m/nofp\libc_nano.a(lib_a-exit.o) (_global_impure_ptr)
c:/st/stm32cubeide_1.6.1/stm32cubeide/plugins/com.st.stm32cube.ide.mcu.externaltools.gnu-tools-for-stm32.9-2020-q2-update.win32_1.5.0.202011040924/tools/bin/../lib/gcc/arm-none-eabi/9.3.1/../../../../arm-none-eabi/lib/thumb/v7-m/nofp\libc_nano.a(lib_a-init.o)
                              c:/st/stm32cubeide_1.6.1/stm32cubeide/plugins/com.st.stm32cube.ide.mcu.externaltools.gnu-tools-for-stm32.9-2020-q2-update.win32_1.5.0.202011040924/tools/bin/../lib/gcc/arm-none-eabi/9.3.1/../../../../arm-none-eabi/lib/thumb/v7-m/nofp/crt0.o (__libc_init_array)
c:/st/stm32cubeide_1.6.1/stm32cubeide/plugins/com.st.stm32cube.ide.mcu.externaltools.gnu-tools-for-stm32.9-2020-q2-update.win32_1.5.0.202011040924/tools/bin/../lib/gcc/arm-none-eabi/9.3.1/../../../../arm-none-eabi/lib/thumb/v7-m/nofp\libc_nano.a(lib_a-memset.o)
                              c:/st/stm32cubeide_1.6.1/stm32cubeide/plugins/com.st.stm32cube.ide.mcu.externaltools.gnu-tools-for-stm32.9-2020-q2-update.win32_1.5.0.202011040924/tools/bin/../lib/gcc/arm-none-eabi/9.3.1/../../../../arm-none-eabi/lib/thumb/v7-m/nofp/crt0.o (memset)

Allocating common symbols
Common symbol       size              file

Rx_data             0x2               Core/Src/main.o
uwTick              0x4               Drivers/STM32F1xx_HAL_Driver/Src/stm32f1xx_hal.o
pFlash              0x20              Drivers/STM32F1xx_HAL_Driver/Src/stm32f1xx_hal_flash.o
huart1              0x40              Core/Src/main.o
htim2               0x48              Core/Src/main.o

Discarded input sections

 .text          0x0000000000000000        0x0 c:/st/stm32cubeide_1.6.1/stm32cubeide/plugins/com.st.stm32cube.ide.mcu.externaltools.gnu-tools-for-stm32.9-2020-q2-update.win32_1.5.0.202011040924/tools/bin/../lib/gcc/arm-none-eabi/9.3.1/thumb/v7-m/nofp/crti.o
 .data          0x0000000000000000        0x0 c:/st/stm32cubeide_1.6.1/stm32cubeide/plugins/com.st.stm32cube.ide.mcu.externaltools.gnu-tools-for-stm32.9-2020-q2-update.win32_1.5.0.202011040924/tools/bin/../lib/gcc/arm-none-eabi/9.3.1/thumb/v7-m/nofp/crti.o
 .bss           0x0000000000000000        0x0 c:/st/stm32cubeide_1.6.1/stm32cubeide/plugins/com.st.stm32cube.ide.mcu.externaltools.gnu-tools-for-stm32.9-2020-q2-update.win32_1.5.0.202011040924/tools/bin/../lib/gcc/arm-none-eabi/9.3.1/thumb/v7-m/nofp/crti.o
 .data          0x0000000000000000        0x4 c:/st/stm32cubeide_1.6.1/stm32cubeide/plugins/com.st.stm32cube.ide.mcu.externaltools.gnu-tools-for-stm32.9-2020-q2-update.win32_1.5.0.202011040924/tools/bin/../lib/gcc/arm-none-eabi/9.3.1/thumb/v7-m/nofp/crtbegin.o
 .text          0x0000000000000000       0x7c c:/st/stm32cubeide_1.6.1/stm32cubeide/plugins/com.st.stm32cube.ide.mcu.externaltools.gnu-tools-for-stm32.9-2020-q2-update.win32_1.5.0.202011040924/tools/bin/../lib/gcc/arm-none-eabi/9.3.1/../../../../arm-none-eabi/lib/thumb/v7-m/nofp/crt0.o
 .data          0x0000000000000000        0x0 c:/st/stm32cubeide_1.6.1/stm32cubeide/plugins/com.st.stm32cube.ide.mcu.externaltools.gnu-tools-for-stm32.9-2020-q2-update.win32_1.5.0.202011040924/tools/bin/../lib/gcc/arm-none-eabi/9.3.1/../../../../arm-none-eabi/lib/thumb/v7-m/nofp/crt0.o
 .bss           0x0000000000000000        0x0 c:/st/stm32cubeide_1.6.1/stm32cubeide/plugins/com.st.stm32cube.ide.mcu.externaltools.gnu-tools-for-stm32.9-2020-q2-update.win32_1.5.0.202011040924/tools/bin/../lib/gcc/arm-none-eabi/9.3.1/../../../../arm-none-eabi/lib/thumb/v7-m/nofp/crt0.o
[...]
Memory Configuration

Name             Origin             Length             Attributes
RAM              0x0000000020000000 0x0000000000005000 xrw
FLASH            0x0000000008000000 0x0000000000010000 xr
*default*        0x0000000000000000 0xffffffffffffffff

Linker script and memory map

LOAD c:/st/stm32cubeide_1.6.1/stm32cubeide/plugins/com.st.stm32cube.ide.mcu.externaltools.gnu-tools-for-stm32.9-2020-q2-update.win32_1.5.0.202011040924/tools/bin/../lib/gcc/arm-none-eabi/9.3.1/thumb/v7-m/nofp/crti.o
LOAD c:/st/stm32cubeide_1.6.1/stm32cubeide/plugins/com.st.stm32cube.ide.mcu.externaltools.gnu-tools-for-stm32.9-2020-q2-update.win32_1.5.0.202011040924/tools/bin/../lib/gcc/arm-none-eabi/9.3.1/thumb/v7-m/nofp/crtbegin.o
LOAD c:/st/stm32cubeide_1.6.1/stm32cubeide/plugins/com.st.stm32cube.ide.mcu.externaltools.gnu-tools-for-stm32.9-2020-q2-update.win32_1.5.0.202011040924/tools/bin/../lib/gcc/arm-none-eabi/9.3.1/../../../../arm-none-eabi/lib/thumb/v7-m/nofp/crt0.o
LOAD Core/Src/Driver.o
LOAD Core/Src/dasdsada.o
LOAD Core/Src/main.o
LOAD Core/Src/stm32f1xx_hal_msp.o
LOAD Core/Src/stm32f1xx_it.o
LOAD Core/Src/syscalls.o
LOAD Core/Src/sysmem.o
LOAD Core/Src/system_stm32f1xx.o
LOAD Core/Startup/startup_stm32f103c8tx.o
LOAD Drivers/STM32F1xx_HAL_Driver/Src/stm32f1xx_hal.o
LOAD Drivers/STM32F1xx_HAL_Driver/Src/stm32f1xx_hal_cortex.o
LOAD Drivers/STM32F1xx_HAL_Driver/Src/stm32f1xx_hal_dma.o
LOAD Drivers/STM32F1xx_HAL_Driver/Src/stm32f1xx_hal_exti.o
LOAD Drivers/STM32F1xx_HAL_Driver/Src/stm32f1xx_hal_flash.o
LOAD Drivers/STM32F1xx_HAL_Driver/Src/stm32f1xx_hal_flash_ex.o
LOAD Drivers/STM32F1xx_HAL_Driver/Src/stm32f1xx_hal_gpio.o
LOAD Drivers/STM32F1xx_HAL_Driver/Src/stm32f1xx_hal_gpio_ex.o
LOAD Drivers/STM32F1xx_HAL_Driver/Src/stm32f1xx_hal_pwr.o
LOAD Drivers/STM32F1xx_HAL_Driver/Src/stm32f1xx_hal_rcc.o
LOAD Drivers/STM32F1xx_HAL_Driver/Src/stm32f1xx_hal_rcc_ex.o
LOAD Drivers/STM32F1xx_HAL_Driver/Src/stm32f1xx_hal_tim.o
LOAD Drivers/STM32F1xx_HAL_Driver/Src/stm32f1xx_hal_tim_ex.o
LOAD Drivers/STM32F1xx_HAL_Driver/Src/stm32f1xx_hal_uart.o
START GROUP
LOAD c:/st/stm32cubeide_1.6.1/stm32cubeide/plugins/com.st.stm32cube.ide.mcu.externaltools.gnu-tools-for-stm32.9-2020-q2-update.win32_1.5.0.202011040924/tools/bin/../lib/gcc/arm-none-eabi/9.3.1/../../../../arm-none-eabi/lib/thumb/v7-m/nofp\libc_nano.a
LOAD c:/st/stm32cubeide_1.6.1/stm32cubeide/plugins/com.st.stm32cube.ide.mcu.externaltools.gnu-tools-for-stm32.9-2020-q2-update.win32_1.5.0.202011040924/tools/bin/../lib/gcc/arm-none-eabi/9.3.1/../../../../arm-none-eabi/lib/thumb/v7-m/nofp\libm.a
END GROUP
START GROUP
LOAD c:/st/stm32cubeide_1.6.1/stm32cubeide/plugins/com.st.stm32cube.ide.mcu.externaltools.gnu-tools-for-stm32.9-2020-q2-update.win32_1.5.0.202011040924/tools/bin/../lib/gcc/arm-none-eabi/9.3.1/thumb/v7-m/nofp\libgcc.a
LOAD c:/st/stm32cubeide_1.6.1/stm32cubeide/plugins/com.st.stm32cube.ide.mcu.externaltools.gnu-tools-for-stm32.9-2020-q2-update.win32_1.5.0.202011040924/tools/bin/../lib/gcc/arm-none-eabi/9.3.1/../../../../arm-none-eabi/lib/thumb/v7-m/nofp\libc_nano.a
END GROUP
START GROUP
LOAD c:/st/stm32cubeide_1.6.1/stm32cubeide/plugins/com.st.stm32cube.ide.mcu.externaltools.gnu-tools-for-stm32.9-2020-q2-update.win32_1.5.0.202011040924/tools/bin/../lib/gcc/arm-none-eabi/9.3.1/thumb/v7-m/nofp\libgcc.a
LOAD c:/st/stm32cubeide_1.6.1/stm32cubeide/plugins/com.st.stm32cube.ide.mcu.externaltools.gnu-tools-for-stm32.9-2020-q2-update.win32_1.5.0.202011040924/tools/bin/../lib/gcc/arm-none-eabi/9.3.1/../../../../arm-none-eabi/lib/thumb/v7-m/nofp\libc_nano.a
LOAD c:/st/stm32cubeide_1.6.1/stm32cubeide/plugins/com.st.stm32cube.ide.mcu.externaltools.gnu-tools-for-stm32.9-2020-q2-update.win32_1.5.0.202011040924/tools/bin/../lib/gcc/arm-none-eabi/9.3.1/../../../../arm-none-eabi/lib/thumb/v7-m/nofp\libnosys.a
END GROUP
START GROUP
LOAD c:/st/stm32cubeide_1.6.1/stm32cubeide/plugins/com.st.stm32cube.ide.mcu.externaltools.gnu-tools-for-stm32.9-2020-q2-update.win32_1.5.0.202011040924/tools/bin/../lib/gcc/arm-none-eabi/9.3.1/thumb/v7-m/nofp\libgcc.a
LOAD c:/st/stm32cubeide_1.6.1/stm32cubeide/plugins/com.st.stm32cube.ide.mcu.externaltools.gnu-tools-for-stm32.9-2020-q2-update.win32_1.5.0.202011040924/tools/bin/../lib/gcc/arm-none-eabi/9.3.1/../../../../arm-none-eabi/lib/thumb/v7-m/nofp\libc_nano.a
LOAD c:/st/stm32cubeide_1.6.1/stm32cubeide/plugins/com.st.stm32cube.ide.mcu.externaltools.gnu-tools-for-stm32.9-2020-q2-update.win32_1.5.0.202011040924/tools/bin/../lib/gcc/arm-none-eabi/9.3.1/../../../../arm-none-eabi/lib/thumb/v7-m/nofp\libnosys.a
END GROUP
LOAD c:/st/stm32cubeide_1.6.1/stm32cubeide/plugins/com.st.stm32cube.ide.mcu.externaltools.gnu-tools-for-stm32.9-2020-q2-update.win32_1.5.0.202011040924/tools/bin/../lib/gcc/arm-none-eabi/9.3.1/thumb/v7-m/nofp/crtend.o
LOAD c:/st/stm32cubeide_1.6.1/stm32cubeide/plugins/com.st.stm32cube.ide.mcu.externaltools.gnu-tools-for-stm32.9-2020-q2-update.win32_1.5.0.202011040924/tools/bin/../lib/gcc/arm-none-eabi/9.3.1/thumb/v7-m/nofp/crtn.o
                0x0000000020005000                _estack = (ORIGIN (RAM) + LENGTH (RAM))
                0x0000000000000200                _Min_Heap_Size = 0x200
                0x0000000000000400                _Min_Stack_Size = 0x400

.isr_vector     0x0000000008000000      0x10c
                0x0000000008000000                . = ALIGN (0x4)
 *(.isr_vector)
 .isr_vector    0x0000000008000000      0x10c Core/Startup/startup_stm32f103c8tx.o
                0x0000000008000000                g_pfnVectors
                0x000000000800010c                . = ALIGN (0x4)

.text           0x000000000800010c     0x30d4
                0x000000000800010c                . = ALIGN (0x4)
 *(.text)
 .text          0x000000000800010c       0x40 c:/st/stm32cubeide_1.6.1/stm32cubeide/plugins/com.st.stm32cube.ide.mcu.externaltools.gnu-tools-for-stm32.9-2020-q2-update.win32_1.5.0.202011040924/tools/bin/../lib/gcc/arm-none-eabi/9.3.1/thumb/v7-m/nofp/crtbegin.o
 *(.text*)
 .text.Init_Driver
                0x000000000800014c      0x188 Core/Src/Driver.o
                0x000000000800014c                Init_Driver
 .text.Change_position
                0x00000000080002d4      0x140 Core/Src/Driver.o
                0x00000000080002d4                Change_position
 .text.HAL_TIM_PWM_PulseFinishedCallback
                0x0000000008000414       0x78 Core/Src/Driver.o
                0x0000000008000414                HAL_TIM_PWM_PulseFinishedCallback
 .text.main     0x000000000800048c       0x6c Core/Src/main.o
                0x000000000800048c                main
 .text.SystemClock_Config
                0x00000000080004f8       0x8a Core/Src/main.o
                0x00000000080004f8                SystemClock_Config
 *fill*         0x0000000008000582        0x2 
 .text.MX_TIM2_Init
                0x0000000008000584       0xec Core/Src/main.o
 .text.MX_USART1_UART_Init
                0x0000000008000670       0x54 Core/Src/main.o
 .text.MX_GPIO_Init
                0x00000000080006c4       0x98 Core/Src/main.o
 .text.Convert_ascii_int
                0x000000000800075c      0x104 Core/Src/main.o
                0x000000000800075c                Convert_ascii_int
 .text.HAL_UART_RxCpltCallback
                0x0000000008000860       0x28 Core/Src/main.o
                0x0000000008000860                HAL_UART_RxCpltCallback
 .text.Error_Handler
                0x0000000008000888        0xa Core/Src/main.o
                0x0000000008000888                Error_Handler
 *fill*         0x0000000008000892        0x2 
 .text.HAL_MspInit
                0x0000000008000894       0x64 Core/Src/stm32f1xx_hal_msp.o
                0x0000000008000894                HAL_MspInit
 .text.HAL_TIM_Base_MspInit
                0x00000000080008f8       0x48 Core/Src/stm32f1xx_hal_msp.o
                0x00000000080008f8                HAL_TIM_Base_MspInit
 .text.HAL_TIM_MspPostInit
                0x0000000008000940       0x8c Core/Src/stm32f1xx_hal_msp.o
                0x0000000008000940                HAL_TIM_MspPostInit
 .text.HAL_UART_MspInit
                0x00000000080009cc       0xa8 Core/Src/stm32f1xx_hal_msp.o
                0x00000000080009cc                HAL_UART_MspInit
 .text.NMI_Handler
                0x0000000008000a74        0x6 Core/Src/stm32f1xx_it.o
                0x0000000008000a74                NMI_Handler
 .text.HardFault_Handler
                0x0000000008000a7a        0x6 Core/Src/stm32f1xx_it.o
                0x0000000008000a7a                HardFault_Handler
 .text.MemManage_Handler
                0x0000000008000a80        0x6 Core/Src/stm32f1xx_it.o
                0x0000000008000a80                MemManage_Handler
 .text.BusFault_Handler
                0x0000000008000a86        0x6 Core/Src/stm32f1xx_it.o
                0x0000000008000a86                BusFault_Handler
 .text.UsageFault_Handler
                0x0000000008000a8c        0x6 Core/Src/stm32f1xx_it.o
                0x0000000008000a8c                UsageFault_Handler
 .text.SVC_Handler
                0x0000000008000a92        0xc Core/Src/stm32f1xx_it.o
                0x0000000008000a92                SVC_Handler
 .text.DebugMon_Handler
                0x0000000008000a9e        0xc Core/Src/stm32f1xx_it.o
                0x0000000008000a9e                DebugMon_Handler
 .text.PendSV_Handler
                0x0000000008000aaa        0xc Core/Src/stm32f1xx_it.o
                0x0000000008000aaa                PendSV_Handler
 .text.SysTick_Handler
                0x0000000008000ab6        0xc Core/Src/stm32f1xx_it.o
                0x0000000008000ab6                SysTick_Handler
 *fill*         0x0000000008000ac2        0x2 
 .text.TIM2_IRQHandler
                0x0000000008000ac4       0x14 Core/Src/stm32f1xx_it.o
                0x0000000008000ac4                TIM2_IRQHandler
 .text.USART1_IRQHandler
                0x0000000008000ad8       0x14 Core/Src/stm32f1xx_it.o
                0x0000000008000ad8                USART1_IRQHandler
 .text.SystemInit
                0x0000000008000aec        0xc Core/Src/system_stm32f1xx.o
                0x0000000008000aec                SystemInit
 .text.Reset_Handler
                0x0000000008000af8       0x48 Core/Startup/startup_stm32f103c8tx.o
                0x0000000008000af8                Reset_Handler
 .text.Default_Handler
                0x0000000008000b40        0x2 Core/Startup/startup_stm32f103c8tx.o
                0x0000000008000b40                RTC_Alarm_IRQHandler
                0x0000000008000b40                EXTI2_IRQHandler
                0x0000000008000b40                TIM1_CC_IRQHandler
                0x0000000008000b40                PVD_IRQHandler
                0x0000000008000b40                EXTI3_IRQHandler
                0x0000000008000b40                EXTI0_IRQHandler
                0x0000000008000b40                I2C2_EV_IRQHandler
                0x0000000008000b40                ADC1_2_IRQHandler
                0x0000000008000b40                SPI1_IRQHandler
                0x0000000008000b40                TAMPER_IRQHandler
                0x0000000008000b40                DMA1_Channel4_IRQHandler
                0x0000000008000b40                USART3_IRQHandler
                0x0000000008000b40                RTC_IRQHandler
                0x0000000008000b40                DMA1_Channel7_IRQHandler
                0x0000000008000b40                CAN1_RX1_IRQHandler
                0x0000000008000b40                TIM4_IRQHandler
                0x0000000008000b40                I2C1_EV_IRQHandler
                0x0000000008000b40                DMA1_Channel6_IRQHandler
                0x0000000008000b40                TIM3_IRQHandler
                0x0000000008000b40                RCC_IRQHandler
                0x0000000008000b40                TIM1_TRG_COM_IRQHandler
                0x0000000008000b40                DMA1_Channel1_IRQHandler
                0x0000000008000b40                Default_Handler
                0x0000000008000b40                EXTI15_10_IRQHandler
                0x0000000008000b40                EXTI9_5_IRQHandler
                0x0000000008000b40                SPI2_IRQHandler
                0x0000000008000b40                DMA1_Channel5_IRQHandler
                0x0000000008000b40                EXTI4_IRQHandler
                0x0000000008000b40                USB_LP_CAN1_RX0_IRQHandler
                0x0000000008000b40                USB_HP_CAN1_TX_IRQHandler
                0x0000000008000b40                DMA1_Channel3_IRQHandler
                0x0000000008000b40                TIM1_UP_IRQHandler
                0x0000000008000b40                WWDG_IRQHandler
                0x0000000008000b40                TIM1_BRK_IRQHandler
                0x0000000008000b40                EXTI1_IRQHandler
                0x0000000008000b40                USART2_IRQHandler
                0x0000000008000b40                I2C2_ER_IRQHandler
                0x0000000008000b40                DMA1_Channel2_IRQHandler
                0x0000000008000b40                CAN1_SCE_IRQHandler
                0x0000000008000b40                FLASH_IRQHandler
                0x0000000008000b40                I2C1_ER_IRQHandler
                0x0000000008000b40                USBWakeUp_IRQHandler
 *fill*         0x0000000008000b42        0x2 
 .text.HAL_Init
                0x0000000008000b44       0x2c Drivers/STM32F1xx_HAL_Driver/Src/stm32f1xx_hal.o
                0x0000000008000b44                HAL_Init
 .text.HAL_InitTick
                0x0000000008000b70       0x60 Drivers/STM32F1xx_HAL_Driver/Src/stm32f1xx_hal.o
                0x0000000008000b70                HAL_InitTick
 .text.HAL_IncTick
                0x0000000008000bd0       0x24 Drivers/STM32F1xx_HAL_Driver/Src/stm32f1xx_hal.o
                0x0000000008000bd0                HAL_IncTick
 .text.HAL_GetTick
                0x0000000008000bf4       0x14 Drivers/STM32F1xx_HAL_Driver/Src/stm32f1xx_hal.o
                0x0000000008000bf4                HAL_GetTick
 .text.HAL_Delay
                0x0000000008000c08       0x48 Drivers/STM32F1xx_HAL_Driver/Src/stm32f1xx_hal.o
                0x0000000008000c08                HAL_Delay
 .text.__NVIC_SetPriorityGrouping
                0x0000000008000c50       0x48 Drivers/STM32F1xx_HAL_Driver/Src/stm32f1xx_hal_cortex.o
 .text.__NVIC_GetPriorityGrouping
                0x0000000008000c98       0x1c Drivers/STM32F1xx_HAL_Driver/Src/stm32f1xx_hal_cortex.o
 .text.__NVIC_EnableIRQ
                0x0000000008000cb4       0x38 Drivers/STM32F1xx_HAL_Driver/Src/stm32f1xx_hal_cortex.o
 .text.__NVIC_SetPriority
                0x0000000008000cec       0x54 Drivers/STM32F1xx_HAL_Driver/Src/stm32f1xx_hal_cortex.o
 .text.NVIC_EncodePriority
                0x0000000008000d40       0x64 Drivers/STM32F1xx_HAL_Driver/Src/stm32f1xx_hal_cortex.o
 .text.SysTick_Config
                0x0000000008000da4       0x44 Drivers/STM32F1xx_HAL_Driver/Src/stm32f1xx_hal_cortex.o
 .text.HAL_NVIC_SetPriorityGrouping
                0x0000000008000de8       0x16 Drivers/STM32F1xx_HAL_Driver/Src/stm32f1xx_hal_cortex.o
                0x0000000008000de8                HAL_NVIC_SetPriorityGrouping
 .text.HAL_NVIC_SetPriority
                0x0000000008000dfe       0x38 Drivers/STM32F1xx_HAL_Driver/Src/stm32f1xx_hal_cortex.o
                0x0000000008000dfe                HAL_NVIC_SetPriority
 .text.HAL_NVIC_EnableIRQ
                0x0000000008000e36       0x1c Drivers/STM32F1xx_HAL_Driver/Src/stm32f1xx_hal_cortex.o
                0x0000000008000e36                HAL_NVIC_EnableIRQ
 .text.HAL_SYSTICK_Config
                0x0000000008000e52       0x18 Drivers/STM32F1xx_HAL_Driver/Src/stm32f1xx_hal_cortex.o
                0x0000000008000e52                HAL_SYSTICK_Config
 *fill*         0x0000000008000e6a        0x2 
 .text.HAL_DMA_Abort_IT
                0x0000000008000e6c       0xec Drivers/STM32F1xx_HAL_Driver/Src/stm32f1xx_hal_dma.o
                0x0000000008000e6c                HAL_DMA_Abort_IT
 .text.HAL_GPIO_Init
                0x0000000008000f58      0x308 Drivers/STM32F1xx_HAL_Driver/Src/stm32f1xx_hal_gpio.o
                0x0000000008000f58                HAL_GPIO_Init
 .text.HAL_GPIO_WritePin
                0x0000000008001260       0x30 Drivers/STM32F1xx_HAL_Driver/Src/stm32f1xx_hal_gpio.o
                0x0000000008001260                HAL_GPIO_WritePin
 .text.HAL_RCC_OscConfig
                0x0000000008001290      0x500 Drivers/STM32F1xx_HAL_Driver/Src/stm32f1xx_hal_rcc.o
                0x0000000008001290                HAL_RCC_OscConfig
 .text.HAL_RCC_ClockConfig
                0x0000000008001790      0x1d4 Drivers/STM32F1xx_HAL_Driver/Src/stm32f1xx_hal_rcc.o
                0x0000000008001790                HAL_RCC_ClockConfig
 .text.HAL_RCC_GetSysClockFreq
                0x0000000008001964       0xc0 Drivers/STM32F1xx_HAL_Driver/Src/stm32f1xx_hal_rcc.o
                0x0000000008001964                HAL_RCC_GetSysClockFreq
 .text.HAL_RCC_GetHCLKFreq
                0x0000000008001a24       0x14 Drivers/STM32F1xx_HAL_Driver/Src/stm32f1xx_hal_rcc.o
                0x0000000008001a24                HAL_RCC_GetHCLKFreq
 .text.HAL_RCC_GetPCLK1Freq
                0x0000000008001a38       0x28 Drivers/STM32F1xx_HAL_Driver/Src/stm32f1xx_hal_rcc.o
                0x0000000008001a38                HAL_RCC_GetPCLK1Freq
 .text.HAL_RCC_GetPCLK2Freq
                0x0000000008001a60       0x28 Drivers/STM32F1xx_HAL_Driver/Src/stm32f1xx_hal_rcc.o
                0x0000000008001a60                HAL_RCC_GetPCLK2Freq
 .text.RCC_Delay
                0x0000000008001a88       0x3c Drivers/STM32F1xx_HAL_Driver/Src/stm32f1xx_hal_rcc.o
 .text.HAL_TIM_Base_Init
                0x0000000008001ac4       0x9e Drivers/STM32F1xx_HAL_Driver/Src/stm32f1xx_hal_tim.o
                0x0000000008001ac4                HAL_TIM_Base_Init
 .text.HAL_TIM_PWM_Init
                0x0000000008001b62       0x9e Drivers/STM32F1xx_HAL_Driver/Src/stm32f1xx_hal_tim.o
                0x0000000008001b62                HAL_TIM_PWM_Init
 .text.HAL_TIM_PWM_MspInit
                0x0000000008001c00       0x12 Drivers/STM32F1xx_HAL_Driver/Src/stm32f1xx_hal_tim.o
                0x0000000008001c00                HAL_TIM_PWM_MspInit
 *fill*         0x0000000008001c12        0x2 
 .text.HAL_TIM_PWM_Start_IT
                0x0000000008001c14      0x1d0 Drivers/STM32F1xx_HAL_Driver/Src/stm32f1xx_hal_tim.o
                0x0000000008001c14                HAL_TIM_PWM_Start_IT
 .text.HAL_TIM_PWM_Stop_IT
                0x0000000008001de4      0x154 Drivers/STM32F1xx_HAL_Driver/Src/stm32f1xx_hal_tim.o
                0x0000000008001de4                HAL_TIM_PWM_Stop_IT
 .text.HAL_TIM_IRQHandler
                0x0000000008001f38      0x210 Drivers/STM32F1xx_HAL_Driver/Src/stm32f1xx_hal_tim.o
                0x0000000008001f38                HAL_TIM_IRQHandler
 .text.HAL_TIM_PWM_ConfigChannel
                0x0000000008002148      0x17c Drivers/STM32F1xx_HAL_Driver/Src/stm32f1xx_hal_tim.o
                0x0000000008002148                HAL_TIM_PWM_ConfigChannel
 .text.HAL_TIM_ConfigClockSource
                0x00000000080022c4      0x188 Drivers/STM32F1xx_HAL_Driver/Src/stm32f1xx_hal_tim.o
                0x00000000080022c4                HAL_TIM_ConfigClockSource
 .text.HAL_TIM_PeriodElapsedCallback
                0x000000000800244c       0x12 Drivers/STM32F1xx_HAL_Driver/Src/stm32f1xx_hal_tim.o
                0x000000000800244c                HAL_TIM_PeriodElapsedCallback
 .text.HAL_TIM_OC_DelayElapsedCallback
                0x000000000800245e       0x12 Drivers/STM32F1xx_HAL_Driver/Src/stm32f1xx_hal_tim.o
                0x000000000800245e                HAL_TIM_OC_DelayElapsedCallback
 .text.HAL_TIM_IC_CaptureCallback
                0x0000000008002470       0x12 Drivers/STM32F1xx_HAL_Driver/Src/stm32f1xx_hal_tim.o
                0x0000000008002470                HAL_TIM_IC_CaptureCallback
 .text.HAL_TIM_TriggerCallback
                0x0000000008002482       0x12 Drivers/STM32F1xx_HAL_Driver/Src/stm32f1xx_hal_tim.o
                0x0000000008002482                HAL_TIM_TriggerCallback
 .text.TIM_Base_SetConfig
                0x0000000008002494       0xc4 Drivers/STM32F1xx_HAL_Driver/Src/stm32f1xx_hal_tim.o
                0x0000000008002494                TIM_Base_SetConfig
 .text.TIM_OC1_SetConfig
                0x0000000008002558       0xcc Drivers/STM32F1xx_HAL_Driver/Src/stm32f1xx_hal_tim.o
 .text.TIM_OC2_SetConfig
                0x0000000008002624       0xd4 Drivers/STM32F1xx_HAL_Driver/Src/stm32f1xx_hal_tim.o
                0x0000000008002624                TIM_OC2_SetConfig
 .text.TIM_OC3_SetConfig
                0x00000000080026f8       0xd4 Drivers/STM32F1xx_HAL_Driver/Src/stm32f1xx_hal_tim.o
 .text.TIM_OC4_SetConfig
                0x00000000080027cc       0x9c Drivers/STM32F1xx_HAL_Driver/Src/stm32f1xx_hal_tim.o
 .text.TIM_TI1_ConfigInputStage
                0x0000000008002868       0x5c Drivers/STM32F1xx_HAL_Driver/Src/stm32f1xx_hal_tim.o
 .text.TIM_TI2_ConfigInputStage
                0x00000000080028c4       0x5e Drivers/STM32F1xx_HAL_Driver/Src/stm32f1xx_hal_tim.o
 .text.TIM_ITRx_SetConfig
                0x0000000008002922       0x34 Drivers/STM32F1xx_HAL_Driver/Src/stm32f1xx_hal_tim.o
 .text.TIM_ETR_SetConfig
                0x0000000008002956       0x3e Drivers/STM32F1xx_HAL_Driver/Src/stm32f1xx_hal_tim.o
                0x0000000008002956                TIM_ETR_SetConfig
 .text.TIM_CCxChannelCmd
                0x0000000008002994       0x48 Drivers/STM32F1xx_HAL_Driver/Src/stm32f1xx_hal_tim.o
                0x0000000008002994                TIM_CCxChannelCmd
 .text.HAL_TIMEx_MasterConfigSynchronization
                0x00000000080029dc       0xbc Drivers/STM32F1xx_HAL_Driver/Src/stm32f1xx_hal_tim_ex.o
                0x00000000080029dc                HAL_TIMEx_MasterConfigSynchronization
 .text.HAL_TIMEx_CommutCallback
                0x0000000008002a98       0x12 Drivers/STM32F1xx_HAL_Driver/Src/stm32f1xx_hal_tim_ex.o
                0x0000000008002a98                HAL_TIMEx_CommutCallback
 .text.HAL_TIMEx_BreakCallback
                0x0000000008002aaa       0x12 Drivers/STM32F1xx_HAL_Driver/Src/stm32f1xx_hal_tim_ex.o
                0x0000000008002aaa                HAL_TIMEx_BreakCallback
 .text.HAL_UART_Init
                0x0000000008002abc       0x9a Drivers/STM32F1xx_HAL_Driver/Src/stm32f1xx_hal_uart.o
                0x0000000008002abc                HAL_UART_Init
 .text.HAL_UART_Receive_IT
                0x0000000008002b56       0xa8 Drivers/STM32F1xx_HAL_Driver/Src/stm32f1xx_hal_uart.o
                0x0000000008002b56                HAL_UART_Receive_IT
 *fill*         0x0000000008002bfe        0x2 
 .text.HAL_UART_IRQHandler
                0x0000000008002c00      0x200 Drivers/STM32F1xx_HAL_Driver/Src/stm32f1xx_hal_uart.o
                0x0000000008002c00                HAL_UART_IRQHandler
 .text.HAL_UART_TxCpltCallback
                0x0000000008002e00       0x12 Drivers/STM32F1xx_HAL_Driver/Src/stm32f1xx_hal_uart.o
                0x0000000008002e00                HAL_UART_TxCpltCallback
 .text.HAL_UART_ErrorCallback
                0x0000000008002e12       0x12 Drivers/STM32F1xx_HAL_Driver/Src/stm32f1xx_hal_uart.o
                0x0000000008002e12                HAL_UART_ErrorCallback
 .text.UART_EndRxTransfer
                0x0000000008002e24       0x3a Drivers/STM32F1xx_HAL_Driver/Src/stm32f1xx_hal_uart.o
 .text.UART_DMAAbortOnError
                0x0000000008002e5e       0x28 Drivers/STM32F1xx_HAL_Driver/Src/stm32f1xx_hal_uart.o
 .text.UART_Transmit_IT
                0x0000000008002e86       0x9e Drivers/STM32F1xx_HAL_Driver/Src/stm32f1xx_hal_uart.o
 .text.UART_EndTransmit_IT
                0x0000000008002f24       0x30 Drivers/STM32F1xx_HAL_Driver/Src/stm32f1xx_hal_uart.o
 .text.UART_Receive_IT
                0x0000000008002f54      0x100 Drivers/STM32F1xx_HAL_Driver/Src/stm32f1xx_hal_uart.o
 .text.UART_SetConfig
                0x0000000008003054      0x11c Drivers/STM32F1xx_HAL_Driver/Src/stm32f1xx_hal_uart.o
 .text.__libc_init_array
                0x0000000008003170       0x48 c:/st/stm32cubeide_1.6.1/stm32cubeide/plugins/com.st.stm32cube.ide.mcu.externaltools.gnu-tools-for-stm32.9-2020-q2-update.win32_1.5.0.202011040924/tools/bin/../lib/gcc/arm-none-eabi/9.3.1/../../../../arm-none-eabi/lib/thumb/v7-m/nofp\libc_nano.a(lib_a-init.o)
                0x0000000008003170                __libc_init_array
 .text.memset   0x00000000080031b8       0x10 c:/st/stm32cubeide_1.6.1/stm32cubeide/plugins/com.st.stm32cube.ide.mcu.externaltools.gnu-tools-for-stm32.9-2020-q2-update.win32_1.5.0.202011040924/tools/bin/../lib/gcc/arm-none-eabi/9.3.1/../../../../arm-none-eabi/lib/thumb/v7-m/nofp\libc_nano.a(lib_a-memset.o)
                0x00000000080031b8                memset
 *(.glue_7)
 .glue_7        0x00000000080031c8        0x0 linker stubs
 *(.glue_7t)
 .glue_7t       0x00000000080031c8        0x0 linker stubs
 *(.eh_frame)
 .eh_frame      0x00000000080031c8        0x0 c:/st/stm32cubeide_1.6.1/stm32cubeide/plugins/com.st.stm32cube.ide.mcu.externaltools.gnu-tools-for-stm32.9-2020-q2-update.win32_1.5.0.202011040924/tools/bin/../lib/gcc/arm-none-eabi/9.3.1/thumb/v7-m/nofp/crtbegin.o
 *(.init)
 .init          0x00000000080031c8        0x4 c:/st/stm32cubeide_1.6.1/stm32cubeide/plugins/com.st.stm32cube.ide.mcu.externaltools.gnu-tools-for-stm32.9-2020-q2-update.win32_1.5.0.202011040924/tools/bin/../lib/gcc/arm-none-eabi/9.3.1/thumb/v7-m/nofp/crti.o
                0x00000000080031c8                _init
 .init          0x00000000080031cc        0x8 c:/st/stm32cubeide_1.6.1/stm32cubeide/plugins/com.st.stm32cube.ide.mcu.externaltools.gnu-tools-for-stm32.9-2020-q2-update.win32_1.5.0.202011040924/tools/bin/../lib/gcc/arm-none-eabi/9.3.1/thumb/v7-m/nofp/crtn.o
 *(.fini)
 .fini          0x00000000080031d4        0x4 c:/st/stm32cubeide_1.6.1/stm32cubeide/plugins/com.st.stm32cube.ide.mcu.externaltools.gnu-tools-for-stm32.9-2020-q2-update.win32_1.5.0.202011040924/tools/bin/../lib/gcc/arm-none-eabi/9.3.1/thumb/v7-m/nofp/crti.o
                0x00000000080031d4                _fini
 .fini          0x00000000080031d8        0x8 c:/st/stm32cubeide_1.6.1/stm32cubeide/plugins/com.st.stm32cube.ide.mcu.externaltools.gnu-tools-for-stm32.9-2020-q2-update.win32_1.5.0.202011040924/tools/bin/../lib/gcc/arm-none-eabi/9.3.1/thumb/v7-m/nofp/crtn.o
                0x00000000080031e0                . = ALIGN (0x4)
                0x00000000080031e0                _etext = .

.vfp11_veneer   0x00000000080031e0        0x0
 .vfp11_veneer  0x00000000080031e0        0x0 linker stubs

.v4_bx          0x00000000080031e0        0x0
 .v4_bx         0x00000000080031e0        0x0 linker stubs

.iplt           0x00000000080031e0        0x0
 .iplt          0x00000000080031e0        0x0 c:/st/stm32cubeide_1.6.1/stm32cubeide/plugins/com.st.stm32cube.ide.mcu.externaltools.gnu-tools-for-stm32.9-2020-q2-update.win32_1.5.0.202011040924/tools/bin/../lib/gcc/arm-none-eabi/9.3.1/thumb/v7-m/nofp/crtbegin.o

.rodata         0x00000000080031e0       0x28
                0x00000000080031e0                . = ALIGN (0x4)
 *(.rodata)
 .rodata        0x00000000080031e0       0x10 Drivers/STM32F1xx_HAL_Driver/Src/stm32f1xx_hal_rcc.o
 *(.rodata*)
 .rodata.AHBPrescTable
                0x00000000080031f0       0x10 Core/Src/system_stm32f1xx.o
                0x00000000080031f0                AHBPrescTable
 .rodata.APBPrescTable
                0x0000000008003200        0x8 Core/Src/system_stm32f1xx.o
                0x0000000008003200                APBPrescTable
                0x0000000008003208                . = ALIGN (0x4)

.rel.dyn        0x0000000008003208        0x0
 .rel.iplt      0x0000000008003208        0x0 c:/st/stm32cubeide_1.6.1/stm32cubeide/plugins/com.st.stm32cube.ide.mcu.externaltools.gnu-tools-for-stm32.9-2020-q2-update.win32_1.5.0.202011040924/tools/bin/../lib/gcc/arm-none-eabi/9.3.1/thumb/v7-m/nofp/crtbegin.o

.ARM.extab      0x0000000008003208        0x0
                0x0000000008003208                . = ALIGN (0x4)
 *(.ARM.extab* .gnu.linkonce.armextab.*)
                0x0000000008003208                . = ALIGN (0x4)

.ARM            0x0000000008003208        0x0
                0x0000000008003208                . = ALIGN (0x4)
                0x0000000008003208                __exidx_start = .
 *(.ARM.exidx*)
                0x0000000008003208                __exidx_end = .
                0x0000000008003208                . = ALIGN (0x4)

.preinit_array  0x0000000008003208        0x0
                0x0000000008003208                . = ALIGN (0x4)
                0x0000000008003208                PROVIDE (__preinit_array_start = .)
 *(.preinit_array*)
                0x0000000008003208                PROVIDE (__preinit_array_end = .)
                0x0000000008003208                . = ALIGN (0x4)

.init_array     0x0000000008003208        0x4
                0x0000000008003208                . = ALIGN (0x4)
                0x0000000008003208                PROVIDE (__init_array_start = .)
 *(SORT_BY_NAME(.init_array.*))
 *(.init_array*)
 .init_array    0x0000000008003208        0x4 c:/st/stm32cubeide_1.6.1/stm32cubeide/plugins/com.st.stm32cube.ide.mcu.externaltools.gnu-tools-for-stm32.9-2020-q2-update.win32_1.5.0.202011040924/tools/bin/../lib/gcc/arm-none-eabi/9.3.1/thumb/v7-m/nofp/crtbegin.o
                0x000000000800320c                PROVIDE (__init_array_end = .)
                0x000000000800320c                . = ALIGN (0x4)

.fini_array     0x000000000800320c        0x4
                0x000000000800320c                . = ALIGN (0x4)
                [!provide]                        PROVIDE (__fini_array_start = .)
 *(SORT_BY_NAME(.fini_array.*))
 *(.fini_array*)
 .fini_array    0x000000000800320c        0x4 c:/st/stm32cubeide_1.6.1/stm32cubeide/plugins/com.st.stm32cube.ide.mcu.externaltools.gnu-tools-for-stm32.9-2020-q2-update.win32_1.5.0.202011040924/tools/bin/../lib/gcc/arm-none-eabi/9.3.1/thumb/v7-m/nofp/crtbegin.o
                [!provide]                        PROVIDE (__fini_array_end = .)
                0x0000000008003210                . = ALIGN (0x4)
                0x0000000008003210                _sidata = LOADADDR (.data)

.data           0x0000000020000000       0x10 load address 0x0000000008003210
                0x0000000020000000                . = ALIGN (0x4)
                0x0000000020000000                _sdata = .
 *(.data)
 *(.data*)
 .data._current_position
                0x0000000020000000        0x2 Core/Src/Driver.o
                0x0000000020000000                _current_position
 .data.step_resolution
                0x0000000020000002        0x2 Core/Src/main.o
                0x0000000020000002                step_resolution
 .data.SystemCoreClock
                0x0000000020000004        0x4 Core/Src/system_stm32f1xx.o
                0x0000000020000004                SystemCoreClock
 .data.uwTickPrio
                0x0000000020000008        0x4 Drivers/STM32F1xx_HAL_Driver/Src/stm32f1xx_hal.o
                0x0000000020000008                uwTickPrio
 .data.uwTickFreq
                0x000000002000000c        0x1 Drivers/STM32F1xx_HAL_Driver/Src/stm32f1xx_hal.o
                0x000000002000000c                uwTickFreq
 *(.RamFunc)
 *(.RamFunc*)
                0x0000000020000010                . = ALIGN (0x4)
 *fill*         0x000000002000000d        0x3 
                0x0000000020000010                _edata = .

.igot.plt       0x0000000020000010        0x0 load address 0x0000000008003220
 .igot.plt      0x0000000020000010        0x0 c:/st/stm32cubeide_1.6.1/stm32cubeide/plugins/com.st.stm32cube.ide.mcu.externaltools.gnu-tools-for-stm32.9-2020-q2-update.win32_1.5.0.202011040924/tools/bin/../lib/gcc/arm-none-eabi/9.3.1/thumb/v7-m/nofp/crtbegin.o
                0x0000000020000010                . = ALIGN (0x4)

.bss            0x0000000020000010       0xb8 load address 0x0000000008003220
                0x0000000020000010                _sbss = .
                0x0000000020000010                __bss_start__ = _sbss
 *(.bss)
 .bss           0x0000000020000010       0x1c c:/st/stm32cubeide_1.6.1/stm32cubeide/plugins/com.st.stm32cube.ide.mcu.externaltools.gnu-tools-for-stm32.9-2020-q2-update.win32_1.5.0.202011040924/tools/bin/../lib/gcc/arm-none-eabi/9.3.1/thumb/v7-m/nofp/crtbegin.o
 *(.bss*)
 .bss._counter  0x000000002000002c        0x4 Core/Src/Driver.o
                0x000000002000002c                _counter
 .bss._next_position
                0x0000000020000030        0x2 Core/Src/Driver.o
                0x0000000020000030                _next_position
 .bss._ticks_to_next
                0x0000000020000032        0x2 Core/Src/Driver.o
                0x0000000020000032                _ticks_to_next
 .bss._options  0x0000000020000034        0x2 Core/Src/Driver.o
                0x0000000020000034                _options
 .bss.flag      0x0000000020000036        0x1 Core/Src/main.o
                0x0000000020000036                flag
 *(COMMON)
 *fill*         0x0000000020000037        0x1 
 COMMON         0x0000000020000038       0x8c Core/Src/main.o
                0x0000000020000038                Rx_data
                0x000000002000003c                huart1
                0x000000002000007c                htim2
 COMMON         0x00000000200000c4        0x4 Drivers/STM32F1xx_HAL_Driver/Src/stm32f1xx_hal.o
                0x00000000200000c4                uwTick
                0x00000000200000c8                . = ALIGN (0x4)
                0x00000000200000c8                _ebss = .
                0x00000000200000c8                __bss_end__ = _ebss

._user_heap_stack
                0x00000000200000c8      0x600 load address 0x0000000008003220
                0x00000000200000c8                . = ALIGN (0x8)
                [!provide]                        PROVIDE (end = .)
                0x00000000200000c8                PROVIDE (_end = .)
                0x00000000200002c8                . = (. + _Min_Heap_Size)
 *fill*         0x00000000200000c8      0x200 
                0x00000000200006c8                . = (. + _Min_Stack_Size)
 *fill*         0x00000000200002c8      0x400 
                0x00000000200006c8                . = ALIGN (0x8)

/DISCARD/
 libc.a(*)
 libm.a(*)
 libgcc.a(*)

.ARM.attributes
                0x0000000000000000       0x29
 *(.ARM.attributes)
 .ARM.attributes
                0x0000000000000000       0x1d c:/st/stm32cubeide_1.6.1/stm32cubeide/plugins/com.st.stm32cube.ide.mcu.externaltools.gnu-tools-for-stm32.9-2020-q2-update.win32_1.5.0.202011040924/tools/bin/../lib/gcc/arm-none-eabi/9.3.1/thumb/v7-m/nofp/crti.o
 .ARM.attributes
                0x000000000000001d       0x2d c:/st/stm32cubeide_1.6.1/stm32cubeide/plugins/com.st.stm32cube.ide.mcu.externaltools.gnu-tools-for-stm32.9-2020-q2-update.win32_1.5.0.202011040924/tools/bin/../lib/gcc/arm-none-eabi/9.3.1/thumb/v7-m/nofp/crtbegin.o
 .ARM.attributes
                0x000000000000004a       0x2d Core/Src/Driver.o
 .ARM.attributes
                0x0000000000000077       0x2d Core/Src/main.o
 .ARM.attributes
                0x00000000000000a4       0x2d Core/Src/stm32f1xx_hal_msp.o
 .ARM.attributes
                0x00000000000000d1       0x2d Core/Src/stm32f1xx_it.o
 .ARM.attributes
                0x00000000000000fe       0x2d Core/Src/system_stm32f1xx.o
 .ARM.attributes
                0x000000000000012b       0x21 Core/Startup/startup_stm32f103c8tx.o
 .ARM.attributes
                0x000000000000014c       0x2d Drivers/STM32F1xx_HAL_Driver/Src/stm32f1xx_hal.o
 .ARM.attributes
                0x0000000000000179       0x2d Drivers/STM32F1xx_HAL_Driver/Src/stm32f1xx_hal_cortex.o
 .ARM.attributes
                0x00000000000001a6       0x2d Drivers/STM32F1xx_HAL_Driver/Src/stm32f1xx_hal_dma.o
 .ARM.attributes
                0x00000000000001d3       0x2d Drivers/STM32F1xx_HAL_Driver/Src/stm32f1xx_hal_gpio.o
 .ARM.attributes
                0x0000000000000200       0x2d Drivers/STM32F1xx_HAL_Driver/Src/stm32f1xx_hal_rcc.o
 .ARM.attributes
                0x000000000000022d       0x2d Drivers/STM32F1xx_HAL_Driver/Src/stm32f1xx_hal_tim.o
 .ARM.attributes
                0x000000000000025a       0x2d Drivers/STM32F1xx_HAL_Driver/Src/stm32f1xx_hal_tim_ex.o
 .ARM.attributes
                0x0000000000000287       0x2d Drivers/STM32F1xx_HAL_Driver/Src/stm32f1xx_hal_uart.o
 .ARM.attributes
                0x00000000000002b4       0x2d c:/st/stm32cubeide_1.6.1/stm32cubeide/plugins/com.st.stm32cube.ide.mcu.externaltools.gnu-tools-for-stm32.9-2020-q2-update.win32_1.5.0.202011040924/tools/bin/../lib/gcc/arm-none-eabi/9.3.1/../../../../arm-none-eabi/lib/thumb/v7-m/nofp\libc_nano.a(lib_a-init.o)
 .ARM.attributes
                0x00000000000002e1       0x2d c:/st/stm32cubeide_1.6.1/stm32cubeide/plugins/com.st.stm32cube.ide.mcu.externaltools.gnu-tools-for-stm32.9-2020-q2-update.win32_1.5.0.202011040924/tools/bin/../lib/gcc/arm-none-eabi/9.3.1/../../../../arm-none-eabi/lib/thumb/v7-m/nofp\libc_nano.a(lib_a-memset.o)
 .ARM.attributes
                0x000000000000030e       0x1d c:/st/stm32cubeide_1.6.1/stm32cubeide/plugins/com.st.stm32cube.ide.mcu.externaltools.gnu-tools-for-stm32.9-2020-q2-update.win32_1.5.0.202011040924/tools/bin/../lib/gcc/arm-none-eabi/9.3.1/thumb/v7-m/nofp/crtn.o
OUTPUT(A4988_Driver.elf elf32-littlearm)
LOAD linker stubs
LOAD c:/st/stm32cubeide_1.6.1/stm32cubeide/plugins/com.st.stm32cube.ide.mcu.externaltools.gnu-tools-for-stm32.9-2020-q2-update.win32_1.5.0.202011040924/tools/bin/../lib/gcc/arm-none-eabi/9.3.1/../../../../arm-none-eabi/lib/thumb/v7-m/nofp\libc.a
LOAD c:/st/stm32cubeide_1.6.1/stm32cubeide/plugins/com.st.stm32cube.ide.mcu.externaltools.gnu-tools-for-stm32.9-2020-q2-update.win32_1.5.0.202011040924/tools/bin/../lib/gcc/arm-none-eabi/9.3.1/../../../../arm-none-eabi/lib/thumb/v7-m/nofp\libm.a
LOAD c:/st/stm32cubeide_1.6.1/stm32cubeide/plugins/com.st.stm32cube.ide.mcu.externaltools.gnu-tools-for-stm32.9-2020-q2-update.win32_1.5.0.202011040924/tools/bin/../lib/gcc/arm-none-eabi/9.3.1/thumb/v7-m/nofp\libgcc.a

.debug_info     0x0000000000000000     0xb7f1
 .debug_info    0x0000000000000000      0x87b Core/Src/Driver.o
 .debug_info    0x000000000000087b     0x178b Core/Src/main.o
 .debug_info    0x0000000000002006      0xe1a Core/Src/stm32f1xx_hal_msp.o
 .debug_info    0x0000000000002e20      0xa04 Core/Src/stm32f1xx_it.o
 .debug_info    0x0000000000003824      0x2be Core/Src/system_stm32f1xx.o
 .debug_info    0x0000000000003ae2       0x22 Core/Startup/startup_stm32f103c8tx.o
 .debug_info    0x0000000000003b04      0x76a Drivers/STM32F1xx_HAL_Driver/Src/stm32f1xx_hal.o
 .debug_info    0x000000000000426e      0xbdc Drivers/STM32F1xx_HAL_Driver/Src/stm32f1xx_hal_cortex.o
 .debug_info    0x0000000000004e4a      0x81e Drivers/STM32F1xx_HAL_Driver/Src/stm32f1xx_hal_dma.o
 .debug_info    0x0000000000005668      0x701 Drivers/STM32F1xx_HAL_Driver/Src/stm32f1xx_hal_gpio.o
 .debug_info    0x0000000000005d69      0x88e Drivers/STM32F1xx_HAL_Driver/Src/stm32f1xx_hal_rcc.o
 .debug_info    0x00000000000065f7     0x2a43 Drivers/STM32F1xx_HAL_Driver/Src/stm32f1xx_hal_tim.o
 .debug_info    0x000000000000903a     0x1495 Drivers/STM32F1xx_HAL_Driver/Src/stm32f1xx_hal_tim_ex.o
 .debug_info    0x000000000000a4cf     0x1322 Drivers/STM32F1xx_HAL_Driver/Src/stm32f1xx_hal_uart.o

.debug_abbrev   0x0000000000000000     0x1bea
 .debug_abbrev  0x0000000000000000      0x19c Core/Src/Driver.o
 .debug_abbrev  0x000000000000019c      0x2f9 Core/Src/main.o
 .debug_abbrev  0x0000000000000495      0x1c8 Core/Src/stm32f1xx_hal_msp.o
 .debug_abbrev  0x000000000000065d      0x176 Core/Src/stm32f1xx_it.o
 .debug_abbrev  0x00000000000007d3      0x14e Core/Src/system_stm32f1xx.o
 .debug_abbrev  0x0000000000000921       0x12 Core/Startup/startup_stm32f103c8tx.o
 .debug_abbrev  0x0000000000000933      0x1ed Drivers/STM32F1xx_HAL_Driver/Src/stm32f1xx_hal.o
 .debug_abbrev  0x0000000000000b20      0x313 Drivers/STM32F1xx_HAL_Driver/Src/stm32f1xx_hal_cortex.o
 .debug_abbrev  0x0000000000000e33      0x228 Drivers/STM32F1xx_HAL_Driver/Src/stm32f1xx_hal_dma.o
 .debug_abbrev  0x000000000000105b      0x1e8 Drivers/STM32F1xx_HAL_Driver/Src/stm32f1xx_hal_gpio.o
 .debug_abbrev  0x0000000000001243      0x273 Drivers/STM32F1xx_HAL_Driver/Src/stm32f1xx_hal_rcc.o
 .debug_abbrev  0x00000000000014b6      0x25e Drivers/STM32F1xx_HAL_Driver/Src/stm32f1xx_hal_tim.o
 .debug_abbrev  0x0000000000001714      0x266 Drivers/STM32F1xx_HAL_Driver/Src/stm32f1xx_hal_tim_ex.o
 .debug_abbrev  0x000000000000197a      0x270 Drivers/STM32F1xx_HAL_Driver/Src/stm32f1xx_hal_uart.o

.debug_aranges  0x0000000000000000      0xbe0
 .debug_aranges
                0x0000000000000000       0x30 Core/Src/Driver.o
 .debug_aranges
                0x0000000000000030       0x58 Core/Src/main.o
 .debug_aranges
                0x0000000000000088       0x48 Core/Src/stm32f1xx_hal_msp.o
 .debug_aranges
                0x00000000000000d0       0x70 Core/Src/stm32f1xx_it.o
 .debug_aranges
                0x0000000000000140       0x28 Core/Src/system_stm32f1xx.o
 .debug_aranges
                0x0000000000000168       0x28 Core/Startup/startup_stm32f103c8tx.o
 .debug_aranges
                0x0000000000000190       0xe0 Drivers/STM32F1xx_HAL_Driver/Src/stm32f1xx_hal.o
 .debug_aranges
                0x0000000000000270      0x100 Drivers/STM32F1xx_HAL_Driver/Src/stm32f1xx_hal_cortex.o
 .debug_aranges
                0x0000000000000370       0x80 Drivers/STM32F1xx_HAL_Driver/Src/stm32f1xx_hal_dma.o
 .debug_aranges
                0x00000000000003f0       0x58 Drivers/STM32F1xx_HAL_Driver/Src/stm32f1xx_hal_gpio.o
 .debug_aranges
                0x0000000000000448       0x90 Drivers/STM32F1xx_HAL_Driver/Src/stm32f1xx_hal_rcc.o
 .debug_aranges
                0x00000000000004d8      0x3d0 Drivers/STM32F1xx_HAL_Driver/Src/stm32f1xx_hal_tim.o
 .debug_aranges
                0x00000000000008a8      0x168 Drivers/STM32F1xx_HAL_Driver/Src/stm32f1xx_hal_tim_ex.o
 .debug_aranges
                0x0000000000000a10      0x1d0 Drivers/STM32F1xx_HAL_Driver/Src/stm32f1xx_hal_uart.o

.debug_ranges   0x0000000000000000      0xb08
 .debug_ranges  0x0000000000000000       0x20 Core/Src/Driver.o
 .debug_ranges  0x0000000000000020       0x48 Core/Src/main.o
 .debug_ranges  0x0000000000000068       0x38 Core/Src/stm32f1xx_hal_msp.o
 .debug_ranges  0x00000000000000a0       0x60 Core/Src/stm32f1xx_it.o
 .debug_ranges  0x0000000000000100       0x18 Core/Src/system_stm32f1xx.o
 .debug_ranges  0x0000000000000118       0x20 Core/Startup/startup_stm32f103c8tx.o
 .debug_ranges  0x0000000000000138       0xd0 Drivers/STM32F1xx_HAL_Driver/Src/stm32f1xx_hal.o
 .debug_ranges  0x0000000000000208       0xf0 Drivers/STM32F1xx_HAL_Driver/Src/stm32f1xx_hal_cortex.o
 .debug_ranges  0x00000000000002f8       0x70 Drivers/STM32F1xx_HAL_Driver/Src/stm32f1xx_hal_dma.o
 .debug_ranges  0x0000000000000368       0x48 Drivers/STM32F1xx_HAL_Driver/Src/stm32f1xx_hal_gpio.o
 .debug_ranges  0x00000000000003b0       0x80 Drivers/STM32F1xx_HAL_Driver/Src/stm32f1xx_hal_rcc.o
 .debug_ranges  0x0000000000000430      0x3c0 Drivers/STM32F1xx_HAL_Driver/Src/stm32f1xx_hal_tim.o
 .debug_ranges  0x00000000000007f0      0x158 Drivers/STM32F1xx_HAL_Driver/Src/stm32f1xx_hal_tim_ex.o
 .debug_ranges  0x0000000000000948      0x1c0 Drivers/STM32F1xx_HAL_Driver/Src/stm32f1xx_hal_uart.o

.debug_macro    0x0000000000000000    0x179cf
 .debug_macro   0x0000000000000000      0x1b2 Core/Src/Driver.o
 .debug_macro   0x00000000000001b2      0xa9c Core/Src/Driver.o
 .debug_macro   0x0000000000000c4e      0x21b Core/Src/Driver.o
 .debug_macro   0x0000000000000e69       0x2e Core/Src/Driver.o
 .debug_macro   0x0000000000000e97       0x22 Core/Src/Driver.o
 .debug_macro   0x0000000000000eb9       0x22 Core/Src/Driver.o
 .debug_macro   0x0000000000000edb       0x8e Core/Src/Driver.o
 .debug_macro   0x0000000000000f69       0x51 Core/Src/Driver.o
 .debug_macro   0x0000000000000fba      0x103 Core/Src/Driver.o
 .debug_macro   0x00000000000010bd       0x6a Core/Src/Driver.o
 .debug_macro   0x0000000000001127      0x1df Core/Src/Driver.o
 .debug_macro   0x0000000000001306       0x1c Core/Src/Driver.o
 .debug_macro   0x0000000000001322       0x22 Core/Src/Driver.o
 .debug_macro   0x0000000000001344       0xc3 Core/Src/Driver.o
 .debug_macro   0x0000000000001407      0xd23 Core/Src/Driver.o
 .debug_macro   0x000000000000212a     0xe097 Core/Src/Driver.o
 .debug_macro   0x00000000000101c1       0x43 Core/Src/Driver.o
 .debug_macro   0x0000000000010204     0x3468 Core/Src/Driver.o
 .debug_macro   0x000000000001366c      0x174 Core/Src/Driver.o
 .debug_macro   0x00000000000137e0       0x5c Core/Src/Driver.o
 .debug_macro   0x000000000001383c      0x5be Core/Src/Driver.o
 .debug_macro   0x0000000000013dfa      0x289 Core/Src/Driver.o
 .debug_macro   0x0000000000014083      0x1cb Core/Src/Driver.o
 .debug_macro   0x000000000001424e      0x114 Core/Src/Driver.o
 .debug_macro   0x0000000000014362      0x1b2 Core/Src/Driver.o
 .debug_macro   0x0000000000014514       0x27 Core/Src/Driver.o
 .debug_macro   0x000000000001453b      0x136 Core/Src/Driver.o
 .debug_macro   0x0000000000014671      0x1bc Core/Src/Driver.o
 .debug_macro   0x000000000001482d       0x34 Core/Src/Driver.o
 .debug_macro   0x0000000000014861       0x3c Core/Src/Driver.o
 .debug_macro   0x000000000001489d       0x57 Core/Src/Driver.o
 .debug_macro   0x00000000000148f4       0x88 Core/Src/Driver.o
 .debug_macro   0x000000000001497c      0x241 Core/Src/Driver.o
 .debug_macro   0x0000000000014bbd      0x141 Core/Src/Driver.o
 .debug_macro   0x0000000000014cfe      0x8d1 Core/Src/Driver.o
 .debug_macro   0x00000000000155cf      0x26b Core/Src/Driver.o
 .debug_macro   0x000000000001583a       0x83 Core/Src/Driver.o
 .debug_macro   0x00000000000158bd       0x52 Core/Src/Driver.o
 .debug_macro   0x000000000001590f      0x31b Core/Src/main.o
 .debug_macro   0x0000000000015c2a       0x4c Core/Src/main.o
 .debug_macro   0x0000000000015c76       0x52 Core/Src/main.o
 .debug_macro   0x0000000000015cc8       0x18 Core/Src/main.o
 .debug_macro   0x0000000000015ce0       0x3c Core/Src/main.o
 .debug_macro   0x0000000000015d1c       0x34 Core/Src/main.o
 .debug_macro   0x0000000000015d50       0x16 Core/Src/main.o
 .debug_macro   0x0000000000015d66       0x35 Core/Src/main.o
 .debug_macro   0x0000000000015d9b      0x333 Core/Src/main.o
 .debug_macro   0x00000000000160ce       0x10 Core/Src/main.o
 .debug_macro   0x00000000000160de       0x16 Core/Src/main.o
 .debug_macro   0x00000000000160f4       0x43 Core/Src/main.o
 .debug_macro   0x0000000000016137       0x34 Core/Src/main.o
 .debug_macro   0x000000000001616b       0x10 Core/Src/main.o
 .debug_macro   0x000000000001617b       0x58 Core/Src/main.o
 .debug_macro   0x00000000000161d3       0x71 Core/Src/main.o
 .debug_macro   0x0000000000016244       0x1c Core/Src/main.o
 .debug_macro   0x0000000000016260      0x12a Core/Src/main.o
 .debug_macro   0x000000000001638a       0x10 Core/Src/main.o
 .debug_macro   0x000000000001639a       0x1c Core/Src/main.o
 .debug_macro   0x00000000000163b6       0x52 Core/Src/main.o
 .debug_macro   0x0000000000016408       0x22 Core/Src/main.o
 .debug_macro   0x000000000001642a       0x10 Core/Src/main.o
 .debug_macro   0x000000000001643a       0x40 Core/Src/main.o
 .debug_macro   0x000000000001647a       0xd5 Core/Src/main.o
 .debug_macro   0x000000000001654f       0x1c Core/Src/main.o
 .debug_macro   0x000000000001656b       0x3d Core/Src/main.o
 .debug_macro   0x00000000000165a8       0x16 Core/Src/main.o
 .debug_macro   0x00000000000165be      0x145 Core/Src/main.o
 .debug_macro   0x0000000000016703      0x1b2 Core/Src/stm32f1xx_hal_msp.o
 .debug_macro   0x00000000000168b5      0x1bc Core/Src/stm32f1xx_it.o
 .debug_macro   0x0000000000016a71      0x1a3 Core/Src/system_stm32f1xx.o
 .debug_macro   0x0000000000016c14      0x1c7 Drivers/STM32F1xx_HAL_Driver/Src/stm32f1xx_hal.o
 .debug_macro   0x0000000000016ddb      0x1a3 Drivers/STM32F1xx_HAL_Driver/Src/stm32f1xx_hal_cortex.o
 .debug_macro   0x0000000000016f7e      0x1a3 Drivers/STM32F1xx_HAL_Driver/Src/stm32f1xx_hal_dma.o
 .debug_macro   0x0000000000017121      0x20e Drivers/STM32F1xx_HAL_Driver/Src/stm32f1xx_hal_gpio.o
 .debug_macro   0x000000000001732f      0x1b5 Drivers/STM32F1xx_HAL_Driver/Src/stm32f1xx_hal_rcc.o
 .debug_macro   0x00000000000174e4      0x1a4 Drivers/STM32F1xx_HAL_Driver/Src/stm32f1xx_hal_tim.o
 .debug_macro   0x0000000000017688      0x1a3 Drivers/STM32F1xx_HAL_Driver/Src/stm32f1xx_hal_tim_ex.o
 .debug_macro   0x000000000001782b      0x1a4 Drivers/STM32F1xx_HAL_Driver/Src/stm32f1xx_hal_uart.o

.debug_line     0x0000000000000000     0xc475
 .debug_line    0x0000000000000000      0x73f Core/Src/Driver.o
 .debug_line    0x000000000000073f      0xa8f Core/Src/main.o
 .debug_line    0x00000000000011ce      0x73c Core/Src/stm32f1xx_hal_msp.o
 .debug_line    0x000000000000190a      0x76f Core/Src/stm32f1xx_it.o
 .debug_line    0x0000000000002079      0x6fb Core/Src/system_stm32f1xx.o
 .debug_line    0x0000000000002774       0x84 Core/Startup/startup_stm32f103c8tx.o
 .debug_line    0x00000000000027f8      0x928 Drivers/STM32F1xx_HAL_Driver/Src/stm32f1xx_hal.o
 .debug_line    0x0000000000003120      0xb10 Drivers/STM32F1xx_HAL_Driver/Src/stm32f1xx_hal_cortex.o
 .debug_line    0x0000000000003c30      0xd80 Drivers/STM32F1xx_HAL_Driver/Src/stm32f1xx_hal_dma.o
 .debug_line    0x00000000000049b0      0x9bf Drivers/STM32F1xx_HAL_Driver/Src/stm32f1xx_hal_gpio.o
 .debug_line    0x000000000000536f      0xd36 Drivers/STM32F1xx_HAL_Driver/Src/stm32f1xx_hal_rcc.o
 .debug_line    0x00000000000060a5     0x32d0 Drivers/STM32F1xx_HAL_Driver/Src/stm32f1xx_hal_tim.o
 .debug_line    0x0000000000009375     0x19ce Drivers/STM32F1xx_HAL_Driver/Src/stm32f1xx_hal_tim_ex.o
 .debug_line    0x000000000000ad43     0x1732 Drivers/STM32F1xx_HAL_Driver/Src/stm32f1xx_hal_uart.o

.debug_str      0x0000000000000000    0x8a0a9
 .debug_str     0x0000000000000000    0x8318c Core/Src/Driver.o
                                      0x83587 (size before relaxing)
 .debug_str     0x000000000008318c     0x4553 Core/Src/main.o
                                      0x87acd (size before relaxing)
 .debug_str     0x00000000000876df      0x32c Core/Src/stm32f1xx_hal_msp.o
                                      0x83a71 (size before relaxing)
 .debug_str     0x0000000000087a0b       0xdf Core/Src/stm32f1xx_it.o
                                      0x8372c (size before relaxing)
 .debug_str     0x0000000000087aea       0x52 Core/Src/system_stm32f1xx.o
                                      0x82f5f (size before relaxing)
 .debug_str     0x0000000000087b3c       0x36 Core/Startup/startup_stm32f103c8tx.o
                                         0x58 (size before relaxing)
 .debug_str     0x0000000000087b72      0x304 Drivers/STM32F1xx_HAL_Driver/Src/stm32f1xx_hal.o
                                      0x835f0 (size before relaxing)
 .debug_str     0x0000000000087e76      0x300 Drivers/STM32F1xx_HAL_Driver/Src/stm32f1xx_hal_cortex.o
                                      0x835f8 (size before relaxing)
 .debug_str     0x0000000000088176      0x235 Drivers/STM32F1xx_HAL_Driver/Src/stm32f1xx_hal_dma.o
                                      0x8333a (size before relaxing)
 .debug_str     0x00000000000883ab      0x31f Drivers/STM32F1xx_HAL_Driver/Src/stm32f1xx_hal_gpio.o
                                      0x83323 (size before relaxing)
 .debug_str     0x00000000000886ca      0x24f Drivers/STM32F1xx_HAL_Driver/Src/stm32f1xx_hal_rcc.o
                                      0x8335c (size before relaxing)
 .debug_str     0x0000000000088919      0xd64 Drivers/STM32F1xx_HAL_Driver/Src/stm32f1xx_hal_tim.o
                                      0x8432e (size before relaxing)
 .debug_str     0x000000000008967d      0x517 Drivers/STM32F1xx_HAL_Driver/Src/stm32f1xx_hal_tim_ex.o
                                      0x83b08 (size before relaxing)
 .debug_str     0x0000000000089b94      0x515 Drivers/STM32F1xx_HAL_Driver/Src/stm32f1xx_hal_uart.o
                                      0x83862 (size before relaxing)

.comment        0x0000000000000000       0x53
 .comment       0x0000000000000000       0x53 Core/Src/Driver.o
                                         0x54 (size before relaxing)
 .comment       0x0000000000000053       0x54 Core/Src/main.o
 .comment       0x0000000000000053       0x54 Core/Src/stm32f1xx_hal_msp.o
 .comment       0x0000000000000053       0x54 Core/Src/stm32f1xx_it.o
 .comment       0x0000000000000053       0x54 Core/Src/system_stm32f1xx.o
 .comment       0x0000000000000053       0x54 Drivers/STM32F1xx_HAL_Driver/Src/stm32f1xx_hal.o
 .comment       0x0000000000000053       0x54 Drivers/STM32F1xx_HAL_Driver/Src/stm32f1xx_hal_cortex.o
 .comment       0x0000000000000053       0x54 Drivers/STM32F1xx_HAL_Driver/Src/stm32f1xx_hal_dma.o
 .comment       0x0000000000000053       0x54 Drivers/STM32F1xx_HAL_Driver/Src/stm32f1xx_hal_gpio.o
 .comment       0x0000000000000053       0x54 Drivers/STM32F1xx_HAL_Driver/Src/stm32f1xx_hal_rcc.o
 .comment       0x0000000000000053       0x54 Drivers/STM32F1xx_HAL_Driver/Src/stm32f1xx_hal_tim.o
 .comment       0x0000000000000053       0x54 Drivers/STM32F1xx_HAL_Driver/Src/stm32f1xx_hal_tim_ex.o
 .comment       0x0000000000000053       0x54 Drivers/STM32F1xx_HAL_Driver/Src/stm32f1xx_hal_uart.o

.debug_frame    0x0000000000000000     0x3154
 .debug_frame   0x0000000000000000       0x7c Core/Src/Driver.o
 .debug_frame   0x000000000000007c      0x11c Core/Src/main.o
 .debug_frame   0x0000000000000198       0xec Core/Src/stm32f1xx_hal_msp.o
 .debug_frame   0x0000000000000284      0x13c Core/Src/stm32f1xx_it.o
 .debug_frame   0x00000000000003c0       0x58 Core/Src/system_stm32f1xx.o
 .debug_frame   0x0000000000000418      0x334 Drivers/STM32F1xx_HAL_Driver/Src/stm32f1xx_hal.o
 .debug_frame   0x000000000000074c      0x428 Drivers/STM32F1xx_HAL_Driver/Src/stm32f1xx_hal_cortex.o
 .debug_frame   0x0000000000000b74      0x208 Drivers/STM32F1xx_HAL_Driver/Src/stm32f1xx_hal_dma.o
 .debug_frame   0x0000000000000d7c      0x14c Drivers/STM32F1xx_HAL_Driver/Src/stm32f1xx_hal_gpio.o
 .debug_frame   0x0000000000000ec8      0x21c Drivers/STM32F1xx_HAL_Driver/Src/stm32f1xx_hal_rcc.o
 .debug_frame   0x00000000000010e4     0x11b8 Drivers/STM32F1xx_HAL_Driver/Src/stm32f1xx_hal_tim.o
 .debug_frame   0x000000000000229c      0x638 Drivers/STM32F1xx_HAL_Driver/Src/stm32f1xx_hal_tim_ex.o
 .debug_frame   0x00000000000028d4      0x834 Drivers/STM32F1xx_HAL_Driver/Src/stm32f1xx_hal_uart.o
 .debug_frame   0x0000000000003108       0x2c c:/st/stm32cubeide_1.6.1/stm32cubeide/plugins/com.st.stm32cube.ide.mcu.externaltools.gnu-tools-for-stm32.9-2020-q2-update.win32_1.5.0.202011040924/tools/bin/../lib/gcc/arm-none-eabi/9.3.1/../../../../arm-none-eabi/lib/thumb/v7-m/nofp\libc_nano.a(lib_a-init.o)
 .debug_frame   0x0000000000003134       0x20 c:/st/stm32cubeide_1.6.1/stm32cubeide/plugins/com.st.stm32cube.ide.mcu.externaltools.gnu-tools-for-stm32.9-2020-q2-update.win32_1.5.0.202011040924/tools/bin/../lib/gcc/arm-none-eabi/9.3.1/../../../../arm-none-eabi/lib/thumb/v7-m/nofp\libc_nano.a(lib_a-memset.o)
